// Jest Snapshot v1, https://goo.gl/fbAQLP

exports[`load PluginInstaller list 1`] = `
<div>
  <div
    class="css-1nm3y77"
  >
    <div
      class="css-4zga7z"
    >
      <div
        class="css-e0frhe"
      >
        <input
          class="css-ww9vf1"
          placeholder="Search Flipper plugins..."
          type="text"
          value=""
        />
      </div>
    </div>
    <div
      class="css-1nekdsz"
    >
      <div
        class="css-1k4677w"
      >
        <div
          class="css-vd30c4"
        >
          <div
            class="css-1vb6sy6"
            title="name"
            width="25%"
          >
            <div
              class="css-glr1wj"
              style="z-index: auto; right: 0px; bottom: 0px; width: 100%; height: 100%;"
            >
              <div
                class="css-1db3q1"
              >
                Name
              </div>
            </div>
          </div>
          <div
            class="css-1xchw24"
            title="version"
            width="10%"
          >
            <div
              class="css-glr1wj"
              style="z-index: auto; right: 0px; bottom: 0px; width: 100%; height: 100%;"
            >
              <div
                class="css-1db3q1"
              >
                Version
              </div>
            </div>
          </div>
          <div
            class="css-173sh01"
            title="description"
            width="flex"
          >
            <div
              class="css-glr1wj"
              style="z-index: auto; right: 0px; bottom: 0px; width: 100%; height: 100%;"
            >
              <div
                class="css-1db3q1"
              >
                Description
              </div>
            </div>
          </div>
          <div
            class="css-f0p3z5"
            title="install"
            width="15%"
          >
            <div
              class="css-glr1wj"
              style="z-index: auto; right: 0px; bottom: 0px; width: 100%; height: 100%;"
            >
              <div
                class="css-1db3q1"
              >
                
              </div>
            </div>
          </div>
        </div>
      </div>
      <div
        class="css-1nekdsz"
      >
        <div
          class="css-1jjayz9"
          data-key="flipper-plugin-hello"
        >
          <div
            class="css-1jes4os"
            title=""
            width="25%"
          >
            <span
              class="css-1pso8q0"
            >
              flipper-plugin-hello
            </span>
          </div>
          <div
            class="css-1kkefm9"
            title=""
            width="10%"
          >
            <span
              class="css-1pso8q0"
            >
              0.1.0
            </span>
          </div>
          <div
            class="css-v10b1x"
            title=""
            width="flex"
          >
            <div
              class="css-9qtipk"
            >
              <span
                class="css-1pso8q0"
              >
                World?
              </span>
              <div
                class="css-12zzrdt"
              />
              <span
                class="css-1b8mb9l"
              >
                <div
                  class="css-1fev88q"
                  color="#bec2c9"
                  size="16"
                  src="https://external.xx.fbcdn.net/assets/?name=info-circle&variant=filled&size=16&set=facebook_icons&density=1x"
                />
              </span>
            </div>
          </div>
          <div
            class="css-yt1ntn"
            title=""
            width="15%"
          >
            <div
              class="css-z1ci4f"
              type="primary"
            >
              Install
            </div>
          </div>
        </div>
        <div
          class="css-1ut44ht"
          data-key="flipper-plugin-world"
        >
          <div
            class="css-1jes4os"
            title=""
            width="25%"
          >
            <span
              class="css-1pso8q0"
            >
              flipper-plugin-world
            </span>
          </div>
          <div
            class="css-1kkefm9"
            title=""
            width="10%"
          >
            <span
              class="css-1pso8q0"
            >
              0.2.0
            </span>
          </div>
          <div
            class="css-v10b1x"
            title=""
            width="flex"
          >
            <div
              class="css-9qtipk"
            >
              <span
                class="css-1pso8q0"
              >
                Hello?
              </span>
              <div
                class="css-12zzrdt"
              />
              <span
                class="css-1b8mb9l"
              >
                <div
                  class="css-1fev88q"
                  color="#bec2c9"
                  size="16"
                  src="https://external.xx.fbcdn.net/assets/?name=info-circle&variant=filled&size=16&set=facebook_icons&density=1x"
                />
              </span>
            </div>
          </div>
          <div
            class="css-yt1ntn"
            title=""
            width="15%"
          >
            <div
              class="css-z1ci4f"
              type="primary"
            >
              Install
            </div>
          </div>
        </div>
      </div>
    </div>
  </div>
</div>
`;
