// Jest Snapshot v1, https://goo.gl/fbAQLP

exports[`handles single point 1`] = `
[
  {
    "color": "var(--flipper-background-default)",
    "isCut": false,
    "markerKeys": [
      "1",
    ],
    "markerNames": [
      "single point",
    ],
    "positionY": 0,
    "timestamp": 0,
  },
]
`;

exports[`no points 1`] = `[]`;
