// Jest Snapshot v1, https://goo.gl/fbAQLP

exports[`notifications for leaks 1`] = `
<React.Fragment>
  <ForwardRef(render)>
    CloseableReference leaked for
     
    <ForwardRef(render)
      code={true}
    >
      com.facebook.imagepipeline.memory.NativeMemoryChunk
    </ForwardRef(render)>
    (identity hashcode: 
    deadbeef
    ).
  </ForwardRef(render)>
  <ForwardRef(render)>
    <ForwardRef(render)
      bold={true}
    >
      Stacktrace:
    </ForwardRef(render)>
  </ForwardRef(render)>
  <ForwardRef(render)>
    <ForwardRef(render)
      code={true}
    >
      &lt;unavailable&gt;
    </ForwardRef(render)>
  </ForwardRef(render)>
</React.Fragment>
`;
