// Jest Snapshot v1, https://goo.gl/fbAQLP

exports[`notifications for leaks 1`] = `
<React.Fragment>
  <Styled(div)>
    CloseableReference leaked for
     
    <Styled(span)
      code={true}
    >
      com.facebook.imagepipeline.memory.NativeMemoryChunk
    </Styled(span)>
    (identity hashcode: 
    deadbeef
    ).
  </Styled(div)>
  <Styled(div)>
    <Styled(span)
      bold={true}
    >
      Stacktrace:
    </Styled(span)>
  </Styled(div)>
  <Styled(div)>
    <Styled(span)
      code={true}
    >
      &lt;unavailable&gt;
    </Styled(span)>
  </Styled(div)>
</React.Fragment>
`;
